└┬╴multipart/alternative 414 bytes
 ├─╴text/plain 26 bytes
 └─╴text/html 72 bytes
