└─╴application/pkcs7-mime 2538 bytes
 ⇩ (unwraps to)
 └┬╴multipart/mixed 415 bytes
  ├┬╴multipart/alternative 234 bytes
  │├─╴text/plain 26 bytes
  │└─╴text/html 72 bytes
  └─╴text/plain attachment [test.txt] 33 bytes
